1)  apple orange

3)  orange

12) http://www.orange.com

