1)  apple orange

2)  apple

3)  orange

6)  i like apple

7)  www.apple.com

12) http://www.orange.com

