Testing for read
Second line for read
Third line
end
