1)  apple orange

2)  apple

4)  ap

5)  apppp

6)  i like apple

7)  www.apple.com

13) wwwwwwwwwwwww.grapes.com

