1)  apple orange

2)  apple

6)  i like apple

7)  www.apple.com

