.
w.
ww.
www.
.
w.
ww.
www.
.
w.
ww.
www.
.
w.
ww.
www.
wwww.
wwwww.
wwwwww.
wwwwwww.
wwwwwwww.
wwwwwwwww.
wwwwwwwwww.
.
w.
