www.apple.com

www.google.com

www.orange.com

wwwwwwwwwwwww.grapes.com

